// Jest Snapshot v1, https://goo.gl/fbAQLP

exports[`<CalendarRow /> should match snapshot 1`] = `
<tbody
  className="calendarBody"
>
  <tr />
  <tr>
    <td
      className="container"
      onClick={[Function]}
      onKeyUp={[Function]}
      role="gridcell"
    >
      <p
        className="dateText"
      >
        
      </p>
      <p
        className="messageText"
      />
    </td>
    <td
      className="container"
      onClick={[Function]}
      onKeyUp={[Function]}
      role="gridcell"
    >
      <p
        className="dateText"
      >
        
      </p>
      <p
        className="messageText"
      />
    </td>
    <td
      className="container"
      onClick={[Function]}
      onKeyUp={[Function]}
      role="gridcell"
    >
      <p
        className="dateText"
      >
        
      </p>
      <p
        className="messageText"
      />
    </td>
    <td
      className="container"
      onClick={[Function]}
      onKeyUp={[Function]}
      role="gridcell"
    >
      <p
        className="dateText"
      >
        
      </p>
      <p
        className="messageText"
      />
    </td>
    <td
      className="activeContainer"
      onClick={[Function]}
      onKeyUp={[Function]}
      role="gridcell"
    >
      <p
        className="dateText"
      >
        1
      </p>
      <p
        className="messageText"
      >
        hello
      </p>
    </td>
    <td
      className="activeContainer"
      onClick={[Function]}
      onKeyUp={[Function]}
      role="gridcell"
    >
      <p
        className="dateText"
      >
        2
      </p>
      <p
        className="messageText"
      >
        hello
      </p>
    </td>
    <td
      className="activeContainer"
      onClick={[Function]}
      onKeyUp={[Function]}
      role="gridcell"
    >
      <p
        className="dateText"
      >
        3
      </p>
      <p
        className="messageText"
      >
        hello
      </p>
    </td>
  </tr>
  <tr>
    <td
      className="activeContainer"
      onClick={[Function]}
      onKeyUp={[Function]}
      role="gridcell"
    >
      <p
        className="dateText"
      >
        4
      </p>
      <p
        className="messageText"
      >
        hello
      </p>
    </td>
    <td
      className="activeContainer"
      onClick={[Function]}
      onKeyUp={[Function]}
      role="gridcell"
    >
      <p
        className="dateText"
      >
        5
      </p>
      <p
        className="messageText"
      >
        hello
      </p>
    </td>
    <td
      className="activeContainer"
      onClick={[Function]}
      onKeyUp={[Function]}
      role="gridcell"
    >
      <p
        className="dateText"
      >
        6
      </p>
      <p
        className="messageText"
      >
        hello
      </p>
    </td>
    <td
      className="activeContainer"
      onClick={[Function]}
      onKeyUp={[Function]}
      role="gridcell"
    >
      <p
        className="dateText"
      >
        7
      </p>
      <p
        className="messageText"
      >
        hello
      </p>
    </td>
    <td
      className="activeContainer"
      onClick={[Function]}
      onKeyUp={[Function]}
      role="gridcell"
    >
      <p
        className="dateText"
      >
        8
      </p>
      <p
        className="messageText"
      >
        hello
      </p>
    </td>
    <td
      className="activeContainer"
      onClick={[Function]}
      onKeyUp={[Function]}
      role="gridcell"
    >
      <p
        className="dateText"
      >
        9
      </p>
      <p
        className="messageText"
      >
        hello
      </p>
    </td>
    <td
      className="activeContainer"
      onClick={[Function]}
      onKeyUp={[Function]}
      role="gridcell"
    >
      <p
        className="dateText"
      >
        10
      </p>
      <p
        className="messageText"
      >
        hello
      </p>
    </td>
  </tr>
  <tr>
    <td
      className="activeContainer"
      onClick={[Function]}
      onKeyUp={[Function]}
      role="gridcell"
    >
      <p
        className="dateText"
      >
        11
      </p>
      <p
        className="messageText"
      >
        hello
      </p>
    </td>
    <td
      className="activeContainer"
      onClick={[Function]}
      onKeyUp={[Function]}
      role="gridcell"
    >
      <p
        className="dateText"
      >
        12
      </p>
      <p
        className="messageText"
      >
        hello
      </p>
    </td>
    <td
      className="activeContainer"
      onClick={[Function]}
      onKeyUp={[Function]}
      role="gridcell"
    >
      <p
        className="dateText"
      >
        13
      </p>
      <p
        className="messageText"
      >
        hello
      </p>
    </td>
    <td
      className="activeContainer"
      onClick={[Function]}
      onKeyUp={[Function]}
      role="gridcell"
    >
      <p
        className="dateText"
      >
        14
      </p>
      <p
        className="messageText"
      >
        hello
      </p>
    </td>
    <td
      className="activeContainer"
      onClick={[Function]}
      onKeyUp={[Function]}
      role="gridcell"
    >
      <p
        className="dateText"
      >
        15
      </p>
      <p
        className="messageText"
      >
        hello
      </p>
    </td>
    <td
      className="activeContainer"
      onClick={[Function]}
      onKeyUp={[Function]}
      role="gridcell"
    >
      <p
        className="dateText"
      >
        16
      </p>
      <p
        className="messageText"
      >
        hello
      </p>
    </td>
    <td
      className="activeContainer"
      onClick={[Function]}
      onKeyUp={[Function]}
      role="gridcell"
    >
      <p
        className="dateText"
      >
        17
      </p>
      <p
        className="messageText"
      >
        hello
      </p>
    </td>
  </tr>
  <tr>
    <td
      className="activeContainer"
      onClick={[Function]}
      onKeyUp={[Function]}
      role="gridcell"
    >
      <p
        className="dateText"
      >
        18
      </p>
      <p
        className="messageText"
      >
        hello
      </p>
    </td>
    <td
      className="activeContainer"
      onClick={[Function]}
      onKeyUp={[Function]}
      role="gridcell"
    >
      <p
        className="dateText"
      >
        19
      </p>
      <p
        className="messageText"
      >
        hello
      </p>
    </td>
    <td
      className="activeContainer"
      onClick={[Function]}
      onKeyUp={[Function]}
      role="gridcell"
    >
      <p
        className="dateText"
      >
        20
      </p>
      <p
        className="messageText"
      >
        hello
      </p>
    </td>
    <td
      className="activeContainer"
      onClick={[Function]}
      onKeyUp={[Function]}
      role="gridcell"
    >
      <p
        className="dateText"
      >
        21
      </p>
      <p
        className="messageText"
      >
        hello
      </p>
    </td>
    <td
      className="activeContainer"
      onClick={[Function]}
      onKeyUp={[Function]}
      role="gridcell"
    >
      <p
        className="dateText"
      >
        22
      </p>
      <p
        className="messageText"
      >
        hello
      </p>
    </td>
    <td
      className="activeContainer"
      onClick={[Function]}
      onKeyUp={[Function]}
      role="gridcell"
    >
      <p
        className="dateText"
      >
        23
      </p>
      <p
        className="messageText"
      >
        hello
      </p>
    </td>
    <td
      className="activeContainer"
      onClick={[Function]}
      onKeyUp={[Function]}
      role="gridcell"
    >
      <p
        className="dateText"
      >
        24
      </p>
      <p
        className="messageText"
      >
        hello
      </p>
    </td>
  </tr>
  <tr>
    <td
      className="todayContainer"
      onClick={[Function]}
      onKeyUp={[Function]}
      role="gridcell"
    >
      <p
        className="dateText"
      >
        25
      </p>
      <p
        className="messageText"
      >
        hello
      </p>
    </td>
    <td
      className="activeContainer"
      onClick={[Function]}
      onKeyUp={[Function]}
      role="gridcell"
    >
      <p
        className="dateText"
      >
        26
      </p>
      <p
        className="messageText"
      >
        hello
      </p>
    </td>
    <td
      className="activeContainer"
      onClick={[Function]}
      onKeyUp={[Function]}
      role="gridcell"
    >
      <p
        className="dateText"
      >
        27
      </p>
      <p
        className="messageText"
      >
        hello
      </p>
    </td>
    <td
      className="activeContainer"
      onClick={[Function]}
      onKeyUp={[Function]}
      role="gridcell"
    >
      <p
        className="dateText"
      >
        28
      </p>
      <p
        className="messageText"
      >
        hello
      </p>
    </td>
    <td
      className="activeContainer"
      onClick={[Function]}
      onKeyUp={[Function]}
      role="gridcell"
    >
      <p
        className="dateText"
      >
        29
      </p>
      <p
        className="messageText"
      >
        hello
      </p>
    </td>
    <td
      className="activeContainer"
      onClick={[Function]}
      onKeyUp={[Function]}
      role="gridcell"
    >
      <p
        className="dateText"
      >
        30
      </p>
      <p
        className="messageText"
      >
        hello
      </p>
    </td>
    <td
      className="activeContainer"
      onClick={[Function]}
      onKeyUp={[Function]}
      role="gridcell"
    >
      <p
        className="dateText"
      >
        31
      </p>
      <p
        className="messageText"
      >
        hello
      </p>
    </td>
  </tr>
</tbody>
`;
