// Jest Snapshot v1, https://goo.gl/fbAQLP

exports[`<RestaurantTable /> should match snapshot 1`] = `
Array [
  <div
    className="container"
  >
    <div
      className="inputGroup"
    >
      <label
        className="hiddenLabelText"
        htmlFor="table"
      >
        Restaurant Table
      </label>
      <input
        className="input"
        id="table"
        name="table"
        onBlur={[Function]}
        onChange={[Function]}
        onFocus={[Function]}
        onKeyDown={[Function]}
        onMouseEnter={[Function]}
        onMouseLeave={[Function]}
        pattern={null}
        placeholder="Restaurant Table"
        required={false}
        type="text"
        value="2"
      />
    </div>
    
  </div>,
  ",",
]
`;
