// Jest Snapshot v1, https://goo.gl/fbAQLP

exports[`<NavBar /> should match snapshot 1`] = `
<div
  className="container"
>
  <div
    data-testid="testChild"
  />
</div>
`;
