// Jest Snapshot v1, https://goo.gl/fbAQLP

exports[`<Banner /> should match snapshot 1`] = `
<div
  className="success"
  role="banner"
>
  <p
    style={
      Object {
        "whiteSpace": "break-spaces",
      }
    }
  >
    banner message
  </p>
</div>
`;
