// Jest Snapshot v1, https://goo.gl/fbAQLP

exports[`<AutoCompleteInput /> should match snapshot 1`] = `
<div
  className="inputGroup"
>
  <label
    className="labelText"
    htmlFor="InputBox"
  >
    Autocomplete!
  </label>
  <input
    className="input"
    id="InputBox"
    name="InputBox"
    onBlur={[Function]}
    onChange={[Function]}
    onFocus={[Function]}
    onKeyDown={[Function]}
    onMouseEnter={[Function]}
    onMouseLeave={[Function]}
    pattern={null}
    placeholder="Autocomplete!"
    required={false}
    type="text"
    value=""
  />
</div>
`;
